// Jest Snapshot v1, https://goo.gl/fbAQLP

exports[`A0.2 characterization: greeting pools SHORT_GAP_GREETING_PHRASES (frozen pool) snapshots the entire pool table 1`] = `
{
  "ar": [
    "أنا أسمعك.",
    "تفضل.",
    "في خدمتك.",
    "نعم؟",
    "كيف يمكنني المساعدة؟",
    "ماذا تحتاج؟",
    "ماذا تريد أن تعرف؟",
    "أنا هنا.",
  ],
  "de": [
    "Ich bin ganz Ohr!",
    "Ich höre!",
    "Ich höre dir zu.",
    "Ja bitte?",
    "Was gibt's Neues?",
    "Stets zu Diensten!",
    "Womit kann ich helfen?",
    "Was möchtest du wissen?",
    "Worum geht's?",
    "Was liegt an?",
    "Bereit.",
    "Ich bin da.",
    "Was brauchst du?",
  ],
  "en": [
    "I'm listening.",
    "I'm all ears.",
    "Go ahead.",
    "Ready for you.",
    "How can I help?",
    "What's on your mind?",
    "What would you like to know?",
    "What do you need?",
    "How can I support you?",
    "Yes?",
    "I'm here.",
    "At your service.",
  ],
  "es": [
    "Te escucho.",
    "Soy toda oídos.",
    "A tu servicio.",
    "¿Sí?",
    "¿Qué hay?",
    "¿En qué puedo ayudar?",
    "¿Qué necesitas?",
    "¿Qué quieres saber?",
    "Aquí estoy.",
    "Lista.",
  ],
  "fr": [
    "Je t'écoute.",
    "Je suis tout ouïe.",
    "À ton service.",
    "Oui ?",
    "Quoi de neuf ?",
    "Comment puis-je aider ?",
    "De quoi as-tu besoin ?",
    "Que veux-tu savoir ?",
    "Je suis là.",
    "Prête.",
  ],
  "ru": [
    "Я слушаю.",
    "Я вся внимание.",
    "К твоим услугам.",
    "Да?",
    "Что нового?",
    "Чем могу помочь?",
    "Что вас интересует?",
    "Что тебе нужно?",
    "Я здесь.",
  ],
  "sr": [
    "Слушам те.",
    "Сва сам уши.",
    "На услузи.",
    "Да?",
    "Шта има ново?",
    "Како могу да помогнем?",
    "Шта ти треба?",
    "Шта те занима?",
    "Ту сам.",
  ],
  "zh": [
    "我在听。",
    "请说。",
    "为你服务。",
    "嗯？",
    "有什么新鲜事？",
    "有什么我可以帮忙的？",
    "你需要什么？",
    "你想知道什么？",
    "我在这里。",
  ],
}
`;
