// Jest Snapshot v1, https://goo.gl/fbAQLP

exports[`A0.2 characterization: greeting pools SHORT_GAP_GREETING_PHRASES (frozen pool) snapshots the entire pool table 1`] = `
{
  "ar": [
    "أهلاً بعودتك. لنرَ أين وصلت.",
    "سعيدة بسماعك مجدداً. لنلقِ نظرة على ملخصك.",
    "مرحباً مرة أخرى. لنرَ أين أنت الآن.",
    "أنا هنا من أجلك. لنرَ وضعك الحالي.",
    "أهلاً بك. لنرَ أين وصلت اليوم.",
    "تسعدني عودتك. لنرَ أين أنت.",
    "مرحباً. لنلقِ نظرة على ملخصك.",
    "يسعدني سماعك. لنرَ أين وصلت.",
  ],
  "de": [
    "Schön, dich wieder zu hören. Schauen wir, wo du gerade stehst.",
    "Willkommen zurück. Sehen wir uns deine Übersicht an.",
    "Schön, dass du wieder da bist. Schauen wir, wo du stehst.",
    "Hallo nochmal. Schauen wir uns gemeinsam deinen Stand an.",
    "Gut, dich wieder zu hören. Sehen wir, wo du gerade stehst.",
    "Schön, dass du wieder hier bist. Werfen wir einen Blick auf deine Übersicht.",
    "Willkommen zurück. Schauen wir uns deinen aktuellen Stand an.",
    "Schön, dich wieder zu sehen. Sehen wir, wo du stehst.",
  ],
  "en": [
    "Welcome back. Let's look at where you stand.",
    "Good to have you back. Let's go over your overview.",
    "Hi again. Let's see where you are right now.",
    "Nice to hear you. Let's look at where things stand.",
    "Welcome back. Let's check your current standing.",
    "Good to see you again. Let's go over where you are.",
    "Welcome back. Let's look at your overview together.",
    "Good to have you back. Let's see where you stand.",
  ],
  "es": [
    "Bienvenido de nuevo. Veamos dónde estás.",
    "Me alegra escucharte. Veamos tu resumen.",
    "Hola de nuevo. Veamos dónde te encuentras ahora.",
    "Bienvenido. Veamos cómo vas.",
    "Aquí estoy para ti. Veamos tu situación actual.",
    "Qué bueno verte de nuevo. Veamos dónde estás.",
    "Encantada de escucharte. Veamos tu resumen.",
    "Hola. Veamos dónde estás hoy.",
  ],
  "fr": [
    "Content de te revoir. Voyons où tu en es.",
    "Bienvenue. Regardons ton aperçu ensemble.",
    "Heureuse de t'entendre. Voyons où tu en es maintenant.",
    "Bonjour à nouveau. Regardons où tu en es.",
    "Je suis là pour toi. Faisons le point sur ta situation.",
    "Content de te revoir. Voyons où tu en es aujourd'hui.",
    "Ravi de t'entendre. Regardons ton aperçu.",
    "Bienvenue. Voyons où tu en es.",
  ],
  "ru": [
    "Рада снова тебя слышать. Давай посмотрим, где ты сейчас.",
    "Добро пожаловать. Давай взглянем на твой обзор.",
    "Снова здравствуй. Посмотрим, где ты сейчас.",
    "Я здесь для тебя. Давай посмотрим, на каком ты этапе.",
    "Приятно снова тебя слышать. Давай посмотрим, где ты.",
    "С возвращением. Давай посмотрим на твой текущий статус.",
    "Здравствуй ещё раз. Посмотрим на твой обзор.",
    "Рада, что ты снова здесь. Давай посмотрим, где ты сейчас.",
  ],
  "sr": [
    "Драго ми је што те поново чујем. Хајде да видимо где си сада.",
    "Добро дошао назад. Погледајмо твој преглед.",
    "Здраво поново. Да видимо где си тренутно.",
    "Ту сам за тебе. Погледајмо твоју тренутну ситуацију.",
    "Драго ми је што те видим поново. Да видимо где си.",
    "Добро дошао. Погледајмо твој тренутни напредак.",
    "Поздрав. Погледајмо твој преглед.",
    "Лепо што си се вратио. Да видимо где си сада.",
  ],
  "zh": [
    "欢迎回来。我们来看看你目前的情况。",
    "很高兴再次听到你。我们来看看你的概览。",
    "你好，再次见到你。我们来看看你现在的进度。",
    "我在这里为你服务。我们来看看你目前的状态。",
    "欢迎回来。我们来看看你的现状。",
    "很高兴你回来了。我们来看看你的进展。",
    "你好。我们来看看你的概览。",
    "再次见到你真好。我们看看你目前在哪一步。",
  ],
}
`;
