// Jest Snapshot v1, https://goo.gl/fbAQLP

exports[`A0.2 characterization: greeting pools SHORT_GAP_GREETING_PHRASES (frozen pool) snapshots the entire pool table 1`] = `
{
  "ar": [
    "أهلاً بعودتك. كيف يمكنني مساعدتك؟",
    "سعيدة بسماعك مجدداً. بماذا يمكنني مساعدتك؟",
    "مرحباً مرة أخرى. كيف يمكنني دعمك؟",
    "أنا هنا من أجلك. كيف يمكنني المساعدة؟",
    "أهلاً بك. كيف يمكنني خدمتك اليوم؟",
    "تسعدني عودتك. كيف يمكنني المساعدة؟",
    "مرحباً. بماذا يمكنني دعمك؟",
    "يسعدني سماعك. كيف يمكنني المساعدة؟",
  ],
  "de": [
    "Schön, dich wieder zu hören. Lass uns dort weitermachen, wo wir aufgehört haben.",
    "Willkommen zurück. Lass mich dir den nächsten Schritt zeigen.",
    "Schön, dass du wieder da bist. Lass uns weitermachen.",
    "Hallo nochmal. Lass uns weitermachen.",
    "Gut, dich wieder zu hören. Lass mich dir zeigen, wo wir stehen.",
    "Schön, dass du wieder hier bist. Lass uns dort anknüpfen, wo wir waren.",
    "Willkommen zurück. Lass mich dir zeigen, was als Nächstes kommt.",
    "Ich bin für dich da. Lass mich dich zum nächsten Schritt führen.",
  ],
  "en": [
    "Welcome back. Let's pick up where we left off.",
    "Good to have you back. Let me show you the next step.",
    "Hi again. Let's keep going.",
    "Nice to hear you. Let me show you where we are.",
    "Welcome back. Let's continue together.",
    "I'm here for you. Let me walk you to the next step.",
    "Good to see you again. Let's pick up where we left off.",
    "Welcome back. Let me show you what's next.",
  ],
  "es": [
    "Bienvenido de nuevo. ¿En qué puedo ayudarte?",
    "Me alegra escucharte. ¿En qué puedo ayudarte?",
    "Hola de nuevo. ¿Cómo puedo apoyarte?",
    "Bienvenido. ¿En qué te puedo ayudar?",
    "Aquí estoy para ti. ¿En qué puedo ayudar?",
    "Qué bueno verte de nuevo. ¿En qué quieres enfocarte?",
    "Encantada de escucharte. ¿Cómo puedo ayudarte?",
    "Hola. ¿En qué puedo apoyarte hoy?",
  ],
  "fr": [
    "Content de te revoir. Comment puis-je t'aider ?",
    "Bienvenue. Comment puis-je t'accompagner ?",
    "Heureuse de t'entendre. Que veux-tu faire ?",
    "Bonjour à nouveau. Comment puis-je aider ?",
    "Je suis là pour toi. Comment puis-je t'aider ?",
    "Content de te revoir. Sur quoi veux-tu te concentrer ?",
    "Ravi de t'entendre. Comment puis-je t'aider ?",
    "Bienvenue. Que puis-je faire pour toi ?",
  ],
  "ru": [
    "Рада снова тебя слышать. Чем могу помочь?",
    "Добро пожаловать. Чем я могу помочь?",
    "Снова здравствуй. Как я могу тебя поддержать?",
    "Я здесь для тебя. Чем могу помочь?",
    "Приятно снова тебя слышать. Чем могу помочь?",
    "С возвращением. Чем я могу тебе помочь?",
    "Здравствуй ещё раз. Как я могу тебя поддержать?",
    "Рада, что ты снова здесь. Чем могу помочь?",
  ],
  "sr": [
    "Добро дошао назад. Како могу да ти помогнем?",
    "Драго ми је што те поново чујем. Како могу да помогнем?",
    "Здраво поново. Чиме могу да те подржим?",
    "Ту сам за тебе. Како могу да помогнем?",
    "Добро дошао. Шта могу да урадим за тебе?",
    "Драго ми је што те видим поново. Како могу да помогнем?",
    "Поздрав. Како могу да те подржим данас?",
    "Лепо што си се вратио. Како могу да помогнем?",
  ],
  "zh": [
    "欢迎回来。我能为你做什么？",
    "很高兴再次听到你。需要我帮什么忙吗？",
    "你好，再次见到你。我能为你提供什么帮助？",
    "我在这里为你服务。需要我帮什么忙吗？",
    "欢迎回来。我可以帮你什么？",
    "很高兴你回来了。今天有什么可以帮你的？",
    "你好。我能为你做些什么？",
    "再次见到你真好。我能为你提供什么支持？",
  ],
}
`;
